QA-tester: 30 games per find-prob, depth=10
Find probabilities: [0.5]
Opponent: CoinFlipTesterBot (SF baseline + weighted coin at trap moments)
======================================================================

=== find_probability = 0.50 (30 games) ===
  G 1: W   93mv  moments= 5  found= 4  find=  80%  23.7s
  G 2: L   89mv  moments= 5  found= 3  find=  60%  21.9s
  G 3: W   63mv  moments= 3  found= 0  find=   0%  23.5s
  G 4: L   81mv  moments= 4  found= 3  find=  75%  24.2s
  G 5: L   68mv  moments= 4  found= 2  find=  50%  17.5s
  G 6: L   57mv  moments= 2  found= 2  find= 100%  18.4s
  G 7: W   41mv  moments= 2  found= 1  find=  50%  14.7s
  G 8: L   65mv  moments= 2  found= 1  find=  50%  19.3s
  G 9: L   56mv  moments= 2  found= 2  find= 100%  19.3s
  G10: L  175mv  moments= 5  found= 2  find=  40%  24.2s
  G11: L   68mv  moments= 4  found= 3  find=  75%  18.8s
  G12: L   71mv  moments= 4  found= 2  find=  50%  19.3s
  G13: W  129mv  moments= 4  found= 2  find=  50%  38.0s
  G14: W  120mv  moments= 3  found= 1  find=  33%  24.3s
  G15: L   50mv  moments= 4  found= 3  find=  75%  14.1s
  G16: L  139mv  moments= 3  found= 1  find=  33%  24.5s
  G17: L   68mv  moments= 3  found= 3  find= 100%  15.1s
  G18: W   78mv  moments= 6  found= 3  find=  50%  19.4s
  G19: L   96mv  moments= 3  found= 2  find=  67%  26.9s
  G20: L   71mv  moments= 2  found= 2  find= 100%  26.3s
  G21: L   46mv  moments= 1  found= 1  find= 100%  12.8s
  G22: L   55mv  moments= 3  found= 3  find= 100%  15.1s
  G23: W  115mv  moments= 7  found= 4  find=  57%  27.6s
  G24: D   97mv  moments= 3  found= 2  find=  67%  29.9s
  G25: L   54mv  moments= 3  found= 1  find=  33%  20.4s
  G26: W  162mv  moments= 5  found= 5  find= 100%  38.0s
  G27: W   85mv  moments= 3  found= 2  find=  67%  23.9s
  G28: L   67mv  moments= 7  found= 3  find=  43%  13.8s
  G29: L   74mv  moments= 3  found= 3  find= 100%  23.1s
  G30: W  128mv  moments= 3  found= 1  find=  33%  26.3s

======================================================================
SUMMARY
======================================================================
find_prob  games      W-D-L   Stonefish      Opp  avg moments  actual find
--------------------------------------------------------------------------------
     0.50     30    10-1-19      35.0%    65.0%         3.6          62%

Raw data: results/qa_tester_n30_d10.json
