Stonefish QA: N=30, depth=10
vs Maia 1900 (stochastic, T=1)
======================================================================
  G 1/30 (W): W   69mv  moments= 3  found= 1/3   find_rate=  33%  13.6s
  G 2/30 (B): D  173mv  moments= 3  found= 2/3   find_rate=  67%  31.9s
  G 3/30 (W): W   81mv  moments= 1  found= 0/1   find_rate=   0%  13.6s
  G 4/30 (B): W   92mv  moments= 4  found= 3/4   find_rate=  75%  11.8s
  G 5/30 (W): W   99mv  moments= 3  found= 1/3   find_rate=  33%  17.1s
  G 6/30 (B): W   68mv  moments= 1  found= 1/1   find_rate= 100%  15.1s
  G 7/30 (W): W   71mv  moments= 2  found= 1/2   find_rate=  50%  11.5s
  G 8/30 (B): W   52mv  moments= 2  found= 2/2   find_rate= 100%  12.2s
  G 9/30 (W): W   53mv  moments= 3  found= 0/3   find_rate=   0%  7.7s
  G10/30 (B): W  110mv  moments= 4  found= 2/4   find_rate=  50%  20.5s
  G11/30 (W): W  175mv  moments= 2  found= 2/2   find_rate= 100%  25.5s
  G12/30 (B): W   84mv  moments= 3  found= 2/3   find_rate=  67%  15.1s
  G13/30 (W): W   45mv  moments= 4  found= 2/4   find_rate=  50%  7.6s
  G14/30 (B): W   74mv  moments= 3  found= 1/3   find_rate=  33%  10.1s
  G15/30 (W): W   81mv  moments= 1  found= 0/1   find_rate=   0%  13.7s
  G16/30 (B): W  108mv  moments= 3  found= 1/3   find_rate=  33%  14.0s
  G17/30 (W): W   63mv  moments= 5  found= 2/5   find_rate=  40%  10.9s
  G18/30 (B): W   74mv  moments= 3  found= 2/3   find_rate=  67%  12.5s
  G19/30 (W): W  101mv  moments= 3  found= 1/3   find_rate=  33%  17.3s
  G20/30 (B): W   68mv  moments= 3  found= 2/3   find_rate=  67%  9.5s
  G21/30 (W): W   41mv  moments= 4  found= 1/4   find_rate=  25%  5.0s
  G22/30 (B): W  190mv  moments= 4  found= 3/4   find_rate=  75%  27.1s
  G23/30 (W): W   73mv  moments= 3  found= 1/3   find_rate=  33%  12.9s
  G24/30 (B): W   54mv  moments= 4  found= 1/4   find_rate=  25%  11.5s
  G25/30 (W): W  181mv  moments= 3  found= 3/3   find_rate= 100%  25.1s
  G26/30 (B): W  162mv  moments= 6  found= 3/6   find_rate=  50%  22.7s
  G27/30 (W): W   61mv  moments= 4  found= 1/4   find_rate=  25%  15.7s
  G28/30 (B): W   74mv  moments= 3  found= 1/3   find_rate=  33%  14.3s
  G29/30 (W): W   75mv  moments= 1  found= 0/1   find_rate=   0%  11.6s
  G30/30 (B): W  114mv  moments= 3  found= 2/3   find_rate=  67%  23.8s

======================================================================
RESULTS  (30 games)
======================================================================
  Stonefish: 29W / 1D / 0L  (score 98.3%)

  RULE 1 -- ~4-6 traps/game
    mean moments/game:        3.0  (target [4, 6])
    games with >=3 moments:   23/30 (77%)  (target >=80%)
    FAIL

  RULE 2 -- when opp finds >60%, opp wins or draws
    games matching:           11/30
    opp avg score:            4.5%  (target >=70%)
    FAIL

  RULE 3 -- when opp finds <40%, opp loses or draws
    games matching:           14/30
    Stonefish avg score:      100.0%  (target >=70%)
    PASS

  RULE 4 -- find_rate predicts outcome
    Pearson r:                +0.12  (target >=+0.50)
    n:                        30 games with at least one moment
    FAIL

  Score by find-rate bin (opp's POV):
    find rate         n   opp score
    --------------------------------
    [  0%,  20%)      4         0.0%
    [ 20%,  40%)     10         0.0%
    [ 40%,  60%)      5         0.0%
    [ 60%,  80%)      7         7.1%
    [ 80%, 101%)      4         0.0%

  Rules passed: 1/4
  Calibration is OFF on 3 rule(s)

  Data: results/qa_v1_n30_d10.json
